=== lib-driver.sh (none)
case: unknown priority fails closed
logger -t zfs-datadog [ERROR] Invalid event priority
  rc=1
case: low priority, event_type with empty tags
nc -u -w1 127.0.0.1 8125
  data: _e{2,4}:T2|body|p:low|t:info|s:zfs|#event_type:pool_import
logger -t zfs-datadog [INFO] Event handed to local Agent socket
  rc=0
case: caller variables and IFS untouched
  caller-title caller-tags caller-priority caller-retry ifs= \t \n
case: local socket failure is returned after one attempt
nc -u -w1 127.0.0.1 8125
  data: _e{2,4}:T3|body|p:normal|t:error|s:zfs|#x:y
logger -t zfs-datadog [ERROR] Local Agent event handoff failed
  rc=1
case: remote endpoint rejected before sending
logger -t zfs-datadog [ERROR] Invalid local DogStatsD endpoint
  rc=1
case: wire delimiter in title rejected
logger -t zfs-datadog [ERROR] Event title contains a wire delimiter
  rc=1
case: tag delimiter rejected
logger -t zfs-datadog [ERROR] Invalid metric tags
  rc=1
case: metric with and without tags
nc -u -w1 127.0.0.1 8125
  data: zfs.test.gauge:5|g|#k:v
logger -t zfs-datadog [DEBUG] Metric handed to local Agent socket
  rc=0
nc -u -w1 127.0.0.1 8125
  data: zfs.test.count:1|c|#env:production,service:zfs
logger -t zfs-datadog [DEBUG] Metric handed to local Agent socket
  rc=0
case: health and alert mapping
  ONLINE -> 0 success
  degraded -> 1 warning
  FAULTED -> 2 error
  offline -> 3 error
  UNAVAIL -> 4 error
  removed -> 5 info
  bogus -> 99 info
case: build_tags
  env:production,service:zfs,pool:tank,vdev:da1,vdev_state:DEGRADED
case: invalid pool tag rejected
  rc=1
--- exit 0
=== statechange-datadog.sh (sysevent.fs.zfs.statechange)
nc -u -w1 127.0.0.1 8125
  data: _e{40,58}:ZFS Pool Health Change: tank (vdev: da1)|Pool: tank\nVdev: da1\nNew State: DEGRADED\nPath: /dev/da1|p:normal|t:warning|s:zfs|#env:production,service:zfs,pool:tank,vdev:da1,vdev_state:DEGRADED
logger -t zfs-datadog [INFO] Event handed to local Agent socket
nc -u -w1 127.0.0.1 8125
  data: zfs.pool.health:1|g|#env:production,service:zfs,pool:tank,vdev:da1,vdev_state:DEGRADED
logger -t zfs-datadog [DEBUG] Metric handed to local Agent socket
logger -t zfs-datadog [INFO] Pool health event processed: tank - DEGRADED
--- exit 0
=== failed-nc statechange-datadog.sh (sysevent.fs.zfs.statechange)
nc -u -w1 127.0.0.1 8125
  data: _e{40,58}:ZFS Pool Health Change: tank (vdev: da1)|Pool: tank\nVdev: da1\nNew State: DEGRADED\nPath: /dev/da1|p:normal|t:warning|s:zfs|#env:production,service:zfs,pool:tank,vdev:da1,vdev_state:DEGRADED
logger -t zfs-datadog [ERROR] Local Agent event handoff failed
nc -u -w1 127.0.0.1 8125
  data: zfs.pool.health:1|g|#env:production,service:zfs,pool:tank,vdev:da1,vdev_state:DEGRADED
logger -t zfs-datadog [ERROR] Local Agent metric handoff failed
logger -t zfs-datadog [INFO] Pool health event processed: tank - DEGRADED
--- failed-nc exit 1 sends 2 expected 2
=== scrub_start-datadog.sh (sysevent.fs.zfs.scrub_start)
nc -u -w1 127.0.0.1 8125
  data: zfs.scrub.start:1|c|#env:production,service:zfs,pool:tank,vdev:da1,vdev_state:DEGRADED
logger -t zfs-datadog [DEBUG] Metric handed to local Agent socket
nc -u -w1 127.0.0.1 8125
  data: zfs.scrub.in_progress:1|g|#env:production,service:zfs,pool:tank,vdev:da1,vdev_state:DEGRADED
logger -t zfs-datadog [DEBUG] Metric handed to local Agent socket
nc -u -w1 127.0.0.1 8125
  data: _e{23,50}:ZFS Scrub Started: tank|Pool: tank\nEvent ID: 42\nStarted at: 1700000000 0|p:normal|t:info|s:zfs|#env:production,service:zfs,pool:tank,vdev:da1,vdev_state:DEGRADED
logger -t zfs-datadog [INFO] Event handed to local Agent socket
logger -t zfs-datadog [INFO] Scrub start event processed: pool=tank eid=42
--- exit 0
=== failed-nc scrub_start-datadog.sh (sysevent.fs.zfs.scrub_start)
nc -u -w1 127.0.0.1 8125
  data: zfs.scrub.start:1|c|#env:production,service:zfs,pool:tank,vdev:da1,vdev_state:DEGRADED
logger -t zfs-datadog [ERROR] Local Agent metric handoff failed
nc -u -w1 127.0.0.1 8125
  data: zfs.scrub.in_progress:1|g|#env:production,service:zfs,pool:tank,vdev:da1,vdev_state:DEGRADED
logger -t zfs-datadog [ERROR] Local Agent metric handoff failed
nc -u -w1 127.0.0.1 8125
  data: _e{23,50}:ZFS Scrub Started: tank|Pool: tank\nEvent ID: 42\nStarted at: 1700000000 0|p:normal|t:info|s:zfs|#env:production,service:zfs,pool:tank,vdev:da1,vdev_state:DEGRADED
logger -t zfs-datadog [ERROR] Local Agent event handoff failed
logger -t zfs-datadog [INFO] Scrub start event processed: pool=tank eid=42
--- failed-nc exit 1 sends 3 expected 3
=== scrub_finish-datadog.sh (sysevent.fs.zfs.scrub_finish)
nc -u -w1 127.0.0.1 8125
  data: _e{25,75}:ZFS Scrub Completed: tank|Pool: tank\nStatus: completed with errors\nErrors Found: 4\nDuration: 2h 3m|p:normal|t:error|s:zfs|#env:production,service:zfs,pool:tank,vdev:da1,vdev_state:DEGRADED
logger -t zfs-datadog [INFO] Event handed to local Agent socket
nc -u -w1 127.0.0.1 8125
  data: zfs.scrub.errors:4|g|#env:production,service:zfs,pool:tank,vdev:da1,vdev_state:DEGRADED
logger -t zfs-datadog [DEBUG] Metric handed to local Agent socket
nc -u -w1 127.0.0.1 8125
  data: zfs.scrub.duration:7384|g|#env:production,service:zfs,pool:tank,vdev:da1,vdev_state:DEGRADED
logger -t zfs-datadog [DEBUG] Metric handed to local Agent socket
nc -u -w1 127.0.0.1 8125
  data: zfs.scrub.in_progress:0|g|#env:production,service:zfs,pool:tank,vdev:da1,vdev_state:DEGRADED
logger -t zfs-datadog [DEBUG] Metric handed to local Agent socket
logger -t zfs-datadog [INFO] Scrub completion event processed: tank - 4 errors
--- exit 0
=== failed-nc scrub_finish-datadog.sh (sysevent.fs.zfs.scrub_finish)
nc -u -w1 127.0.0.1 8125
  data: _e{25,75}:ZFS Scrub Completed: tank|Pool: tank\nStatus: completed with errors\nErrors Found: 4\nDuration: 2h 3m|p:normal|t:error|s:zfs|#env:production,service:zfs,pool:tank,vdev:da1,vdev_state:DEGRADED
logger -t zfs-datadog [ERROR] Local Agent event handoff failed
nc -u -w1 127.0.0.1 8125
  data: zfs.scrub.errors:4|g|#env:production,service:zfs,pool:tank,vdev:da1,vdev_state:DEGRADED
logger -t zfs-datadog [ERROR] Local Agent metric handoff failed
nc -u -w1 127.0.0.1 8125
  data: zfs.scrub.duration:7384|g|#env:production,service:zfs,pool:tank,vdev:da1,vdev_state:DEGRADED
logger -t zfs-datadog [ERROR] Local Agent metric handoff failed
nc -u -w1 127.0.0.1 8125
  data: zfs.scrub.in_progress:0|g|#env:production,service:zfs,pool:tank,vdev:da1,vdev_state:DEGRADED
logger -t zfs-datadog [ERROR] Local Agent metric handoff failed
logger -t zfs-datadog [INFO] Scrub completion event processed: tank - 4 errors
--- failed-nc exit 1 sends 4 expected 4
=== resilver_start-datadog.sh (sysevent.fs.zfs.resilver_start)
nc -u -w1 127.0.0.1 8125
  data: zfs.resilver.start:1|c|#env:production,service:zfs,pool:tank,vdev:da1,vdev_state:DEGRADED
logger -t zfs-datadog [DEBUG] Metric handed to local Agent socket
nc -u -w1 127.0.0.1 8125
  data: zfs.resilver.in_progress:1|g|#env:production,service:zfs,pool:tank,vdev:da1,vdev_state:DEGRADED
logger -t zfs-datadog [DEBUG] Metric handed to local Agent socket
nc -u -w1 127.0.0.1 8125
  data: _e{26,50}:ZFS Resilver Started: tank|Pool: tank\nEvent ID: 42\nStarted at: 1700000000 0|p:normal|t:warning|s:zfs|#env:production,service:zfs,pool:tank,vdev:da1,vdev_state:DEGRADED
logger -t zfs-datadog [INFO] Event handed to local Agent socket
logger -t zfs-datadog [INFO] Resilver start event processed: pool=tank eid=42
--- exit 0
=== failed-nc resilver_start-datadog.sh (sysevent.fs.zfs.resilver_start)
nc -u -w1 127.0.0.1 8125
  data: zfs.resilver.start:1|c|#env:production,service:zfs,pool:tank,vdev:da1,vdev_state:DEGRADED
logger -t zfs-datadog [ERROR] Local Agent metric handoff failed
nc -u -w1 127.0.0.1 8125
  data: zfs.resilver.in_progress:1|g|#env:production,service:zfs,pool:tank,vdev:da1,vdev_state:DEGRADED
logger -t zfs-datadog [ERROR] Local Agent metric handoff failed
nc -u -w1 127.0.0.1 8125
  data: _e{26,50}:ZFS Resilver Started: tank|Pool: tank\nEvent ID: 42\nStarted at: 1700000000 0|p:normal|t:warning|s:zfs|#env:production,service:zfs,pool:tank,vdev:da1,vdev_state:DEGRADED
logger -t zfs-datadog [ERROR] Local Agent event handoff failed
logger -t zfs-datadog [INFO] Resilver start event processed: pool=tank eid=42
--- failed-nc exit 1 sends 3 expected 3
=== resilver_finish-datadog.sh (sysevent.fs.zfs.resilver_finish)
nc -u -w1 127.0.0.1 8125
  data: _e{28,77}:ZFS Resilver Completed: tank|Pool: tank\nStatus: completed successfully\nErrors Found: 0\nDuration: 0h 10m|p:normal|t:success|s:zfs|#env:production,service:zfs,pool:tank,vdev:da1,vdev_state:DEGRADED
logger -t zfs-datadog [INFO] Event handed to local Agent socket
nc -u -w1 127.0.0.1 8125
  data: zfs.resilver.errors:0|g|#env:production,service:zfs,pool:tank,vdev:da1,vdev_state:DEGRADED
logger -t zfs-datadog [DEBUG] Metric handed to local Agent socket
nc -u -w1 127.0.0.1 8125
  data: zfs.resilver.duration:600|g|#env:production,service:zfs,pool:tank,vdev:da1,vdev_state:DEGRADED
logger -t zfs-datadog [DEBUG] Metric handed to local Agent socket
nc -u -w1 127.0.0.1 8125
  data: zfs.resilver.in_progress:0|g|#env:production,service:zfs,pool:tank,vdev:da1,vdev_state:DEGRADED
logger -t zfs-datadog [DEBUG] Metric handed to local Agent socket
logger -t zfs-datadog [INFO] Resilver completion event processed: tank - 0 errors
--- exit 0
=== failed-nc resilver_finish-datadog.sh (sysevent.fs.zfs.resilver_finish)
nc -u -w1 127.0.0.1 8125
  data: _e{28,77}:ZFS Resilver Completed: tank|Pool: tank\nStatus: completed successfully\nErrors Found: 0\nDuration: 0h 10m|p:normal|t:success|s:zfs|#env:production,service:zfs,pool:tank,vdev:da1,vdev_state:DEGRADED
logger -t zfs-datadog [ERROR] Local Agent event handoff failed
nc -u -w1 127.0.0.1 8125
  data: zfs.resilver.errors:0|g|#env:production,service:zfs,pool:tank,vdev:da1,vdev_state:DEGRADED
logger -t zfs-datadog [ERROR] Local Agent metric handoff failed
nc -u -w1 127.0.0.1 8125
  data: zfs.resilver.duration:600|g|#env:production,service:zfs,pool:tank,vdev:da1,vdev_state:DEGRADED
logger -t zfs-datadog [ERROR] Local Agent metric handoff failed
nc -u -w1 127.0.0.1 8125
  data: zfs.resilver.in_progress:0|g|#env:production,service:zfs,pool:tank,vdev:da1,vdev_state:DEGRADED
logger -t zfs-datadog [ERROR] Local Agent metric handoff failed
logger -t zfs-datadog [INFO] Resilver completion event processed: tank - 0 errors
--- failed-nc exit 1 sends 4 expected 4
=== config_sync-datadog.sh (sysevent.fs.zfs.config_sync)
nc -u -w1 127.0.0.1 8125
  data: _e{21,62}:ZFS Config Sync: tank|Pool configuration synchronized for tank on host zfs-test-host|p:low|t:info|s:zfs|#env:production,service:zfs,pool:tank,vdev:da1,vdev_state:DEGRADED,event_type:config_sync
logger -t zfs-datadog [INFO] Event handed to local Agent socket
--- exit 0
=== failed-nc config_sync-datadog.sh (sysevent.fs.zfs.config_sync)
nc -u -w1 127.0.0.1 8125
  data: _e{21,62}:ZFS Config Sync: tank|Pool configuration synchronized for tank on host zfs-test-host|p:low|t:info|s:zfs|#env:production,service:zfs,pool:tank,vdev:da1,vdev_state:DEGRADED,event_type:config_sync
logger -t zfs-datadog [ERROR] Local Agent event handoff failed
--- failed-nc exit 1 sends 1 expected 1
=== pool_import-datadog.sh (sysevent.fs.zfs.pool_import)
nc -u -w1 127.0.0.1 8125
  data: _e{23,49}:ZFS Pool Imported: tank|Pool tank has been imported on host zfs-test-host|p:low|t:info|s:zfs|#env:production,service:zfs,pool:tank,vdev:da1,vdev_state:DEGRADED,event_type:pool_import
logger -t zfs-datadog [INFO] Event handed to local Agent socket
--- exit 0
=== failed-nc pool_import-datadog.sh (sysevent.fs.zfs.pool_import)
nc -u -w1 127.0.0.1 8125
  data: _e{23,49}:ZFS Pool Imported: tank|Pool tank has been imported on host zfs-test-host|p:low|t:info|s:zfs|#env:production,service:zfs,pool:tank,vdev:da1,vdev_state:DEGRADED,event_type:pool_import
logger -t zfs-datadog [ERROR] Local Agent event handoff failed
--- failed-nc exit 1 sends 1 expected 1
=== pool_destroy-datadog.sh (sysevent.fs.zfs.pool_destroy)
nc -u -w1 127.0.0.1 8125
  data: _e{24,50}:ZFS Pool Destroyed: tank|Pool tank has been destroyed on host zfs-test-host|p:normal|t:warning|s:zfs|#env:production,service:zfs,pool:tank,vdev:da1,vdev_state:DEGRADED,event_type:pool_destroy
logger -t zfs-datadog [INFO] Event handed to local Agent socket
--- exit 0
=== failed-nc pool_destroy-datadog.sh (sysevent.fs.zfs.pool_destroy)
nc -u -w1 127.0.0.1 8125
  data: _e{24,50}:ZFS Pool Destroyed: tank|Pool tank has been destroyed on host zfs-test-host|p:normal|t:warning|s:zfs|#env:production,service:zfs,pool:tank,vdev:da1,vdev_state:DEGRADED,event_type:pool_destroy
logger -t zfs-datadog [ERROR] Local Agent event handoff failed
--- failed-nc exit 1 sends 1 expected 1
=== vdev_attach-datadog.sh (sysevent.fs.zfs.vdev_attach)
nc -u -w1 127.0.0.1 8125
  data: _e{25,104}:ZFS Device Attached: tank|A new device has been attached to pool tank on host zfs-test-host. Resilvering will begin automatically.|p:normal|t:info|s:zfs|#env:production,service:zfs,pool:tank,vdev:da1,vdev_state:DEGRADED,event_type:vdev_attach
logger -t zfs-datadog [INFO] Event handed to local Agent socket
--- exit 0
=== failed-nc vdev_attach-datadog.sh (sysevent.fs.zfs.vdev_attach)
nc -u -w1 127.0.0.1 8125
  data: _e{25,104}:ZFS Device Attached: tank|A new device has been attached to pool tank on host zfs-test-host. Resilvering will begin automatically.|p:normal|t:info|s:zfs|#env:production,service:zfs,pool:tank,vdev:da1,vdev_state:DEGRADED,event_type:vdev_attach
logger -t zfs-datadog [ERROR] Local Agent event handoff failed
--- failed-nc exit 1 sends 1 expected 1
=== vdev_remove-datadog.sh (sysevent.fs.zfs.vdev_remove)
nc -u -w1 127.0.0.1 8125
  data: _e{24,62}:ZFS Device Removed: tank|A device has been removed from pool tank on host zfs-test-host|p:normal|t:warning|s:zfs|#env:production,service:zfs,pool:tank,vdev:da1,vdev_state:DEGRADED,event_type:vdev_remove
logger -t zfs-datadog [INFO] Event handed to local Agent socket
--- exit 0
=== failed-nc vdev_remove-datadog.sh (sysevent.fs.zfs.vdev_remove)
nc -u -w1 127.0.0.1 8125
  data: _e{24,62}:ZFS Device Removed: tank|A device has been removed from pool tank on host zfs-test-host|p:normal|t:warning|s:zfs|#env:production,service:zfs,pool:tank,vdev:da1,vdev_state:DEGRADED,event_type:vdev_remove
logger -t zfs-datadog [ERROR] Local Agent event handoff failed
--- failed-nc exit 1 sends 1 expected 1
=== ereport.fs.zfs.checksum-datadog.sh (ereport.fs.zfs.checksum)
nc -u -w1 127.0.0.1 8125
  data: _e{24,79}:ZFS Checksum Error: tank|Pool: tank\nVdev: da1\nChecksum Errors: 3\nPath: /dev/da1\nVdev State: DEGRADED|p:normal|t:error|s:zfs|#env:production,service:zfs,pool:tank,vdev:da1,vdev_state:DEGRADED
logger -t zfs-datadog [INFO] Event handed to local Agent socket
nc -u -w1 127.0.0.1 8125
  data: zfs.checksum.errors:3|c|#env:production,service:zfs,pool:tank,vdev:da1,vdev_state:DEGRADED
logger -t zfs-datadog [DEBUG] Metric handed to local Agent socket
logger -t zfs-datadog [ERROR] Checksum error detected: tank - da1 - 3 errors
--- exit 0
=== failed-nc ereport.fs.zfs.checksum-datadog.sh (ereport.fs.zfs.checksum)
nc -u -w1 127.0.0.1 8125
  data: _e{24,79}:ZFS Checksum Error: tank|Pool: tank\nVdev: da1\nChecksum Errors: 3\nPath: /dev/da1\nVdev State: DEGRADED|p:normal|t:error|s:zfs|#env:production,service:zfs,pool:tank,vdev:da1,vdev_state:DEGRADED
logger -t zfs-datadog [ERROR] Local Agent event handoff failed
nc -u -w1 127.0.0.1 8125
  data: zfs.checksum.errors:3|c|#env:production,service:zfs,pool:tank,vdev:da1,vdev_state:DEGRADED
logger -t zfs-datadog [ERROR] Local Agent metric handoff failed
logger -t zfs-datadog [ERROR] Checksum error detected: tank - da1 - 3 errors
--- failed-nc exit 1 sends 2 expected 2
=== ereport.fs.zfs.io-datadog.sh (ereport.fs.zfs.io)
nc -u -w1 127.0.0.1 8125
  data: _e{19,92}:ZFS I/O Error: tank|Pool: tank\nVdev: da1\nRead Errors: 1\nWrite Errors: 2\nPath: /dev/da1\nVdev State: DEGRADED|p:normal|t:error|s:zfs|#env:production,service:zfs,pool:tank,vdev:da1,vdev_state:DEGRADED
logger -t zfs-datadog [INFO] Event handed to local Agent socket
nc -u -w1 127.0.0.1 8125
  data: zfs.io.error:1|c|#env:production,service:zfs,pool:tank,vdev:da1,vdev_state:DEGRADED
logger -t zfs-datadog [DEBUG] Metric handed to local Agent socket
nc -u -w1 127.0.0.1 8125
  data: zfs.io.read_errors:1|c|#env:production,service:zfs,pool:tank,vdev:da1,vdev_state:DEGRADED
logger -t zfs-datadog [DEBUG] Metric handed to local Agent socket
nc -u -w1 127.0.0.1 8125
  data: zfs.io.write_errors:2|c|#env:production,service:zfs,pool:tank,vdev:da1,vdev_state:DEGRADED
logger -t zfs-datadog [DEBUG] Metric handed to local Agent socket
logger -t zfs-datadog [ERROR] I/O error detected: tank - da1 - R:1 W:2
--- exit 0
=== failed-nc ereport.fs.zfs.io-datadog.sh (ereport.fs.zfs.io)
nc -u -w1 127.0.0.1 8125
  data: _e{19,92}:ZFS I/O Error: tank|Pool: tank\nVdev: da1\nRead Errors: 1\nWrite Errors: 2\nPath: /dev/da1\nVdev State: DEGRADED|p:normal|t:error|s:zfs|#env:production,service:zfs,pool:tank,vdev:da1,vdev_state:DEGRADED
logger -t zfs-datadog [ERROR] Local Agent event handoff failed
nc -u -w1 127.0.0.1 8125
  data: zfs.io.error:1|c|#env:production,service:zfs,pool:tank,vdev:da1,vdev_state:DEGRADED
logger -t zfs-datadog [ERROR] Local Agent metric handoff failed
nc -u -w1 127.0.0.1 8125
  data: zfs.io.read_errors:1|c|#env:production,service:zfs,pool:tank,vdev:da1,vdev_state:DEGRADED
logger -t zfs-datadog [ERROR] Local Agent metric handoff failed
nc -u -w1 127.0.0.1 8125
  data: zfs.io.write_errors:2|c|#env:production,service:zfs,pool:tank,vdev:da1,vdev_state:DEGRADED
logger -t zfs-datadog [ERROR] Local Agent metric handoff failed
logger -t zfs-datadog [ERROR] I/O error detected: tank - da1 - R:1 W:2
--- failed-nc exit 1 sends 4 expected 4
